$# Creating journal file 
$# V:\Wei_Zhao\SPAD\JCS_code\NASTRAN_validation\plate_hole_4_stiffeners_bend\s
$# tiffened_plate_hole_bend.db.jou at 14-Dec-21 17:30:29
uil_file_rebuild.start("C:\MSC.Software\Patran_x64\20190/template.db", @
"V:\Wei_Zhao\SPAD\JCS_code\NASTRAN_validation\plate_hole_4_stiffeners_bend" // @
"\stiffened_plate_hole_bend.db")
$# Synchronizing the User Data Manager
set_current_dir( "V:\Wei_Zhao\SPAD\JCS_code\NASTRAN_validation\plate_hole_" // @
"4_stiffeners_bend" )
$# The current working directory has been changed to the database location 
$# shown.                                                                     
$#                                                                            
$#                                   
nastran_input_import( "V:\Wei_Zhao\SPAD\JCS_code\NASTRAN_validation\plate_" // @
"hole_4_stiffeners_bend\sol105_stiffened_plate_cutout_bend.bdf",  @
"default_group", 11, [TRUE, TRUE, TRUE, TRUE, TRUE, TRUE, TRUE, TRUE, FALSE,  @
TRUE, TRUE], [0, 0, 0, 0, 0, 0, 0, 0, 0, 0, 0], [0, 0, 0, 0, 0, 0, 0, 0, 0, 0, @
 0], [-2000000000, -2000000000, -2000000000, -2000000000, -2000000000,  @
-2000000000, -2000000000, -2000000000, 0, 0, 0] )
$# Loading dynamic library C:\MSC.Software\Patran_x64\20190\bin\exe\nifimp.dll
$# Creating Nastran Database using SOL nifimp_v22: Success
$# Importing data...
$# 6960 Nodes written to database.
$# 2 Materials written to database.
$# Question from application FILE
$#     Duplicate composite properties have been detected by the same material 
$# name "pcomp.1" in the input deck. Do you wish to create unique composite 
$# material properties for each?
$? YES 36002390 
$# Warning reported from application FILE
$#     A conflict was encountered creating "pcomp.1". "pcomp.1.r1" was 
$# created instead.
$# 6880 Elements written to database.
$# 6720 Property Sets written to database.
$# 8 Case Control lines/comments written to database.
$# 62 unrecognized Bulk Data lines/comments written to database.
$# 70 total unrecognized entities/comment lines written to database.
$# 2 Load Cases written to database.
$# 1 Load Sets of type "force" written to database.
$# 8 Load Sets of type "spc1" written to database.
$# 1 Load Sets of type "spcd" written to database.
$# Reading of MSC.Nastran input file completed.
msc_dra_init_stream(  )
msc_dra_add_param( "DATABASE", "V:\Wei_Zhao\SPAD\JCS_code\NASTRAN_validati" // @
"on\plate_hole_4_stiffeners_bend\stiffened_plate_hole_bend.db" )
msc_dra_add_param( "JOBNAME", "sol105_stiffened_plate_cutout_bend" )
msc_dra_add_param( "RESULTS FILE", "V:\Wei_Zhao\SPAD\JCS_code\NASTRAN_vali" // @
"dation\plate_hole_4_stiffeners_bend\sol105_stiffened_plate_cutout_bend.xdb" )
msc_dra_add_param( "OBJECT", "Result Entities" )
msc_dra_add_param( "ANALYSIS TYPE", "Structural" )
msc_dra_add_param( "DIVISION TOLERANCE", "1.0E-8" )
msc_dra_add_param( "NUMERICAL TOLERANCE", "1.0E-4" )
msc_dra_add_param( "MODEL TOLERANCE", "0.0049999999" )
msc_dra_add_param( "ROTATIONAL NODAL RESULTS", "OFF" )
msc_dra_add_param( "STRESS/STRAIN INVARIANTS", "OFF" )
msc_dra_add_param( "PRINCIPAL DIRECTIONS", "OFF" )
msc_dra_add_param( "ELEMENT RESULTS POSITIONS", "Nodal       " )
msc_dra_add_param( "TITLE DESCRIPTION", "ON" )
msc_dra_finish_stream(  )
analysis_import( "MSC.Nastran", "sol105_stiffened_plate_cutout_bend",  @
"Attach Results File No Job", "V:\Wei_Zhao\SPAD\JCS_code\NASTRAN_validatio" // @
"n\plate_hole_4_stiffeners_bend\sol105_stiffened_plate_cutout_bend.xdb", TRUE )
$# Attaching Direct Results Access file: 
$# "V:\Wei_Zhao\SPAD\JCS_code\NASTRAN_validation\plate_hole_4_stiffeners_bend\
$# sol105_stiffened_plate_cutout_bend.xdb"
$# XDB file created by "MSC.NASTRAN V2016" on 12/14/2021 using "VENDOR:INTEL  
$#               MODEL:P5-4/7045 (WACO)     OPSYS:WINDOWS 10 ENTERPRI"
$# *** Begin: Attach Result File ***
$# Processing result load case: SC1:DEFAULT
$# Processing result load case: SC2:INITIAL_DISP_DELTAU
$# Processing result sub-case: Static Subcase
$# Processing result sub-case: Mode 1 : Factor = -12.174
$# Processing result sub-case: Mode 2 : Factor = 12.174
$# Processing result sub-case: Mode 3 : Factor = -13.533
$# Processing result sub-case: Mode 4 : Factor = 13.533
$# Processing result sub-case: Mode 5 : Factor = -14.954
$# Processing result sub-case: Mode 6 : Factor = 14.954
$# Processing result sub-case: Mode 7 : Factor = -15.866
$# Processing result sub-case: Mode 8 : Factor = 15.866
$# Processing result sub-case: Mode 9 : Factor = -17.383
$# Processing result sub-case: Mode 10 : Factor = 17.383
$# Total execution time in real seconds:        1.000
$# Total execution time in CPU  seconds:        0.156
$# *** End:   Attach Result File ***
$# Warning reported from application Results
$#     No result selected
res_display_tool_unpost( "Deformation", "default_Deformation" )
res_data_load_dbresult( 0, "Nodal", "Scalar", "DEFAULT.SC1",  @
"A1:Mode 1 : Factor = -12.174", "Eigenvectors", "Translational",  @
"(NON-LAYERED)", "MAG", "Default", "DeriveAverage", "All", "ShapeFunc" )
res_data_title( 0, "Nodal", "Scalar", 1, [ @
"$POFF@@@$PT: @@@$LCN, @@@$SCN, @@@$PRN, @@@$SRN, @@@$DRVL, @@@$LN "] )
res_display_fringe_create( "", "FreeFaces", 0, [""], 12, [ @
"Range:Fri_default_Fringe", "RangeOverwrite:ON", "FringeStyle:Discrete/Smooth" @
, "Shade:None", "ElemEdge:FreeEdge,Blue,Solid,1", "Shrink:0",  @
"TitleDisplay:ON", "MinMaxDisplay:ON", "ValueDisplay:OFF", "Filter:None",  @
"ScaleFactor:1.", "LabelStyle:Exponential, 12, White, 3"], TRUE )
res_display_fringe_post( "", 0, "Nodal", TRUE, TRUE )
res_data_load_dbresult( 0, "Nodal", "Scalar", "DEFAULT.SC1",  @
"A1:Mode 1 : Factor = -12.174", "Eigenvectors", "Translational",  @
"(NON-LAYERED)", "MAG", "Default", "DeriveAverage", "All", "ShapeFunc" )
res_data_title( 0, "Nodal", "Scalar", 1, [ @
"$POFF@@@$PT: @@@$LCN, @@@$SCN, @@@$PRN, @@@$SRN, @@@$DRVL, @@@$LN "] )
res_display_fringe_create( "", "FreeFaces", 0, [""], 12, [ @
"Range:Fri_default_Fringe", "RangeOverwrite:ON", "FringeStyle:Discrete/Smooth" @
, "Shade:None", "ElemEdge:FreeEdge,Blue,Solid,1", "Shrink:0",  @
"TitleDisplay:ON", "MinMaxDisplay:ON", "ValueDisplay:OFF", "Filter:None",  @
"ScaleFactor:1.", "LabelStyle:Exponential, 12, White, 3"], TRUE )
res_display_fringe_post( "", 0, "Nodal", TRUE, TRUE )
res_data_load_dbresult( 0, "Nodal", "Vector", "DEFAULT.SC1",  @
"A1:Mode 1 : Factor = -12.174", "Eigenvectors", "Translational",  @
"(NON-LAYERED)", "", "Global", "", "", "" )
res_data_title( 0, "Nodal", "Vector", 1, [ @
"$POFF@@@$PT: @@@$LCN, @@@$SCN, @@@$PRN, @@@$SRN, @@@$DRVL"] )
res_display_deformation_create( "", "Elements", 0, [""], 9, [ @
"DeformedStyle:White,Solid,1,Wireframe", "DeformedScale:Model=0.1",  @
"UndeformedStyle:ON,Blue,Solid,1,Wireframe", "TitleDisplay:ON",  @
"MinMaxDisplay:ON", "ScaleFactor:1.", "LabelStyle:Exponential, 12, White, 3",  @
"DeformDisplay:Resultant", "DeformComps:OFF,OFF,OFF"] )
res_display_deformation_post( "", 0 )
res_data_load_dbresult( 0, "Nodal", "Scalar", "DEFAULT.SC1",  @
"A1:Mode 2 : Factor = 12.174", "Eigenvectors", "Translational",  @
"(NON-LAYERED)", "MAG", "Default", "DeriveAverage", "All", "ShapeFunc" )
res_data_title( 0, "Nodal", "Scalar", 1, [ @
"$POFF@@@$PT: @@@$LCN, @@@$SCN, @@@$PRN, @@@$SRN, @@@$DRVL, @@@$LN "] )
res_display_fringe_create( "", "FreeFaces", 0, [""], 12, [ @
"Range:Fri_default_Fringe", "RangeOverwrite:ON", "FringeStyle:Discrete/Smooth" @
, "Shade:None", "ElemEdge:FreeEdge,Blue,Solid,1", "Shrink:0",  @
"TitleDisplay:ON", "MinMaxDisplay:ON", "ValueDisplay:OFF", "Filter:None",  @
"ScaleFactor:1.", "LabelStyle:Exponential, 12, White, 3"], TRUE )
res_display_fringe_post( "", 0, "Nodal", TRUE, TRUE )
res_data_load_dbresult( 0, "Nodal", "Vector", "DEFAULT.SC1",  @
"A1:Mode 2 : Factor = 12.174", "Eigenvectors", "Translational",  @
"(NON-LAYERED)", "", "Global", "", "", "" )
res_data_title( 0, "Nodal", "Vector", 1, [ @
"$POFF@@@$PT: @@@$LCN, @@@$SCN, @@@$PRN, @@@$SRN, @@@$DRVL"] )
res_display_deformation_create( "", "Elements", 0, [""], 9, [ @
"DeformedStyle:White,Solid,1,Wireframe", "DeformedScale:Model=0.1",  @
"UndeformedStyle:ON,Blue,Solid,1,Wireframe", "TitleDisplay:ON",  @
"MinMaxDisplay:ON", "ScaleFactor:1.", "LabelStyle:Exponential, 12, White, 3",  @
"DeformDisplay:Resultant", "DeformComps:OFF,OFF,OFF"] )
res_display_deformation_post( "", 0 )
res_data_load_dbresult( 0, "Nodal", "Scalar", "DEFAULT.SC1",  @
"A1:Mode 3 : Factor = -13.533", "Eigenvectors", "Translational",  @
"(NON-LAYERED)", "MAG", "Default", "DeriveAverage", "All", "ShapeFunc" )
res_data_title( 0, "Nodal", "Scalar", 1, [ @
"$POFF@@@$PT: @@@$LCN, @@@$SCN, @@@$PRN, @@@$SRN, @@@$DRVL, @@@$LN "] )
res_display_fringe_create( "", "FreeFaces", 0, [""], 12, [ @
"Range:Fri_default_Fringe", "RangeOverwrite:ON", "FringeStyle:Discrete/Smooth" @
, "Shade:None", "ElemEdge:FreeEdge,Blue,Solid,1", "Shrink:0",  @
"TitleDisplay:ON", "MinMaxDisplay:ON", "ValueDisplay:OFF", "Filter:None",  @
"ScaleFactor:1.", "LabelStyle:Exponential, 12, White, 3"], TRUE )
res_display_fringe_post( "", 0, "Nodal", TRUE, TRUE )
res_data_load_dbresult( 0, "Nodal", "Vector", "DEFAULT.SC1",  @
"A1:Mode 3 : Factor = -13.533", "Eigenvectors", "Translational",  @
"(NON-LAYERED)", "", "Global", "", "", "" )
res_data_title( 0, "Nodal", "Vector", 1, [ @
"$POFF@@@$PT: @@@$LCN, @@@$SCN, @@@$PRN, @@@$SRN, @@@$DRVL"] )
res_display_deformation_create( "", "Elements", 0, [""], 9, [ @
"DeformedStyle:White,Solid,1,Wireframe", "DeformedScale:Model=0.1",  @
"UndeformedStyle:ON,Blue,Solid,1,Wireframe", "TitleDisplay:ON",  @
"MinMaxDisplay:ON", "ScaleFactor:1.", "LabelStyle:Exponential, 12, White, 3",  @
"DeformDisplay:Resultant", "DeformComps:OFF,OFF,OFF"] )
res_display_deformation_post( "", 0 )
res_data_load_dbresult( 0, "Nodal", "Scalar", "DEFAULT.SC1",  @
"A1:Mode 4 : Factor = 13.533", "Eigenvectors", "Translational",  @
"(NON-LAYERED)", "MAG", "Default", "DeriveAverage", "All", "ShapeFunc" )
res_data_title( 0, "Nodal", "Scalar", 1, [ @
"$POFF@@@$PT: @@@$LCN, @@@$SCN, @@@$PRN, @@@$SRN, @@@$DRVL, @@@$LN "] )
res_display_fringe_create( "", "FreeFaces", 0, [""], 12, [ @
"Range:Fri_default_Fringe", "RangeOverwrite:ON", "FringeStyle:Discrete/Smooth" @
, "Shade:None", "ElemEdge:FreeEdge,Blue,Solid,1", "Shrink:0",  @
"TitleDisplay:ON", "MinMaxDisplay:ON", "ValueDisplay:OFF", "Filter:None",  @
"ScaleFactor:1.", "LabelStyle:Exponential, 12, White, 3"], TRUE )
res_display_fringe_post( "", 0, "Nodal", TRUE, TRUE )
res_data_load_dbresult( 0, "Nodal", "Vector", "DEFAULT.SC1",  @
"A1:Mode 4 : Factor = 13.533", "Eigenvectors", "Translational",  @
"(NON-LAYERED)", "", "Global", "", "", "" )
res_data_title( 0, "Nodal", "Vector", 1, [ @
"$POFF@@@$PT: @@@$LCN, @@@$SCN, @@@$PRN, @@@$SRN, @@@$DRVL"] )
res_display_deformation_create( "", "Elements", 0, [""], 9, [ @
"DeformedStyle:White,Solid,1,Wireframe", "DeformedScale:Model=0.1",  @
"UndeformedStyle:ON,Blue,Solid,1,Wireframe", "TitleDisplay:ON",  @
"MinMaxDisplay:ON", "ScaleFactor:1.", "LabelStyle:Exponential, 12, White, 3",  @
"DeformDisplay:Resultant", "DeformComps:OFF,OFF,OFF"] )
res_display_deformation_post( "", 0 )
gu_fit_view(  )
res_display_tool_unpost( "Fringe", "default_Fringe" )
res_data_load_dbresult( 0, "Nodal", "Vector", "DEFAULT.SC1",  @
"A1:Static Subcase", "Displacements", "Translational", "(NON-LAYERED)", "",  @
"Global", "", "", "" )
res_data_title( 0, "Nodal", "Vector", 1, [ @
"$POFF@@@$PT: @@@$LCN, @@@$SCN, @@@$PRN, @@@$SRN, @@@$DRVL"] )
res_display_deformation_create( "", "Elements", 0, [""], 9, [ @
"DeformedStyle:White,Solid,1,Wireframe", "DeformedScale:Model=0.1",  @
"UndeformedStyle:ON,Blue,Solid,1,Wireframe", "TitleDisplay:ON",  @
"MinMaxDisplay:ON", "ScaleFactor:1.", "LabelStyle:Exponential, 12, White, 3",  @
"DeformDisplay:Resultant", "DeformComps:OFF,OFF,OFF"] )
res_display_deformation_post( "", 0 )
gu_fit_view(  )
res_display_tool_unpost( "Deformation", "default_Deformation" )
res_data_load_dbresult( 0, "Nodal", "Scalar", "DEFAULT.SC1",  @
"A1:Mode 1 : Factor = -12.174", "Eigenvectors", "Translational",  @
"(NON-LAYERED)", "MAG", "Default", "DeriveAverage", "All", "ShapeFunc" )
res_data_title( 0, "Nodal", "Scalar", 1, [ @
"$POFF@@@$PT: @@@$LCN, @@@$SCN, @@@$PRN, @@@$SRN, @@@$DRVL, @@@$LN "] )
res_display_fringe_create( "", "FreeFaces", 0, [""], 12, [ @
"Range:Fri_default_Fringe", "RangeOverwrite:ON", "FringeStyle:Discrete/Smooth" @
, "Shade:None", "ElemEdge:FreeEdge,Blue,Solid,1", "Shrink:0",  @
"TitleDisplay:ON", "MinMaxDisplay:ON", "ValueDisplay:OFF", "Filter:None",  @
"ScaleFactor:1.", "LabelStyle:Exponential, 12, White, 3"], TRUE )
res_display_fringe_post( "", 0, "Nodal", TRUE, TRUE )
res_display_tool_unpost( "Deformation", "default_Deformation" )
res_data_load_dbresult( 0, "Nodal", "Scalar", "DEFAULT.SC1",  @
"A1:Mode 3 : Factor = -13.533", "Eigenvectors", "Translational",  @
"(NON-LAYERED)", "MAG", "Default", "DeriveAverage", "All", "ShapeFunc" )
res_data_title( 0, "Nodal", "Scalar", 1, [ @
"$POFF@@@$PT: @@@$LCN, @@@$SCN, @@@$PRN, @@@$SRN, @@@$DRVL, @@@$LN "] )
res_display_fringe_create( "", "FreeFaces", 0, [""], 12, [ @
"Range:Fri_default_Fringe", "RangeOverwrite:ON", "FringeStyle:Discrete/Smooth" @
, "Shade:None", "ElemEdge:FreeEdge,Blue,Solid,1", "Shrink:0",  @
"TitleDisplay:ON", "MinMaxDisplay:ON", "ValueDisplay:OFF", "Filter:None",  @
"ScaleFactor:1.", "LabelStyle:Exponential, 12, White, 3"], TRUE )
res_display_fringe_post( "", 0, "Nodal", TRUE, TRUE )
res_display_tool_unpost( "Deformation", "default_Deformation" )
res_data_load_dbresult( 0, "Nodal", "Scalar", "DEFAULT.SC1",  @
"A1:Mode 1 : Factor = -12.174", "Eigenvectors", "Translational",  @
"(NON-LAYERED)", "MAG", "Default", "DeriveAverage", "All", "ShapeFunc" )
res_data_title( 0, "Nodal", "Scalar", 1, [ @
"$POFF@@@$PT: @@@$LCN, @@@$SCN, @@@$PRN, @@@$SRN, @@@$DRVL, @@@$LN "] )
res_display_fringe_create( "", "FreeFaces", 0, [""], 12, [ @
"Range:Fri_default_Fringe", "RangeOverwrite:ON", "FringeStyle:Discrete/Smooth" @
, "Shade:None", "ElemEdge:FreeEdge,Blue,Solid,1", "Shrink:0",  @
"TitleDisplay:ON", "MinMaxDisplay:ON", "ValueDisplay:OFF", "Filter:None",  @
"ScaleFactor:1.", "LabelStyle:Exponential, 12, White, 3"], TRUE )
res_display_fringe_post( "", 0, "Nodal", TRUE, TRUE )
res_display_tool_unpost( "Deformation", "default_Deformation" )
res_data_load_dbresult( 0, "Nodal", "Scalar", "DEFAULT.SC1",  @
"A1:Mode 3 : Factor = -13.533", "Eigenvectors", "Translational",  @
"(NON-LAYERED)", "MAG", "Default", "DeriveAverage", "All", "ShapeFunc" )
res_data_title( 0, "Nodal", "Scalar", 1, [ @
"$POFF@@@$PT: @@@$LCN, @@@$SCN, @@@$PRN, @@@$SRN, @@@$DRVL, @@@$LN "] )
res_display_fringe_create( "", "FreeFaces", 0, [""], 12, [ @
"Range:Fri_default_Fringe", "RangeOverwrite:ON", "FringeStyle:Discrete/Smooth" @
, "Shade:None", "ElemEdge:FreeEdge,Blue,Solid,1", "Shrink:0",  @
"TitleDisplay:ON", "MinMaxDisplay:ON", "ValueDisplay:OFF", "Filter:None",  @
"ScaleFactor:1.", "LabelStyle:Exponential, 12, White, 3"], TRUE )
res_display_fringe_post( "", 0, "Nodal", TRUE, TRUE )
res_display_tool_unpost( "Deformation", "default_Deformation" )
res_data_load_dbresult( 0, "Nodal", "Scalar", "DEFAULT.SC1",  @
"A1:Mode 5 : Factor = -14.954", "Eigenvectors", "Translational",  @
"(NON-LAYERED)", "MAG", "Default", "DeriveAverage", "All", "ShapeFunc" )
res_data_title( 0, "Nodal", "Scalar", 1, [ @
"$POFF@@@$PT: @@@$LCN, @@@$SCN, @@@$PRN, @@@$SRN, @@@$DRVL, @@@$LN "] )
res_display_fringe_create( "", "FreeFaces", 0, [""], 12, [ @
"Range:Fri_default_Fringe", "RangeOverwrite:ON", "FringeStyle:Discrete/Smooth" @
, "Shade:None", "ElemEdge:FreeEdge,Blue,Solid,1", "Shrink:0",  @
"TitleDisplay:ON", "MinMaxDisplay:ON", "ValueDisplay:OFF", "Filter:None",  @
"ScaleFactor:1.", "LabelStyle:Exponential, 12, White, 3"], TRUE )
res_display_fringe_post( "", 0, "Nodal", TRUE, TRUE )
res_display_tool_unpost( "Deformation", "default_Deformation" )
res_data_load_dbresult( 0, "Nodal", "Scalar", "DEFAULT.SC1",  @
"A1:Mode 7 : Factor = -15.866", "Eigenvectors", "Translational",  @
"(NON-LAYERED)", "MAG", "Default", "DeriveAverage", "All", "ShapeFunc" )
res_data_title( 0, "Nodal", "Scalar", 1, [ @
"$POFF@@@$PT: @@@$LCN, @@@$SCN, @@@$PRN, @@@$SRN, @@@$DRVL, @@@$LN "] )
res_display_fringe_create( "", "FreeFaces", 0, [""], 12, [ @
"Range:Fri_default_Fringe", "RangeOverwrite:ON", "FringeStyle:Discrete/Smooth" @
, "Shade:None", "ElemEdge:FreeEdge,Blue,Solid,1", "Shrink:0",  @
"TitleDisplay:ON", "MinMaxDisplay:ON", "ValueDisplay:OFF", "Filter:None",  @
"ScaleFactor:1.", "LabelStyle:Exponential, 12, White, 3"], TRUE )
res_display_fringe_post( "", 0, "Nodal", TRUE, TRUE )
res_display_tool_unpost( "Fringe", "default_Fringe" )
res_data_load_dbresult( 0, "Nodal", "Vector", "DEFAULT.SC1",  @
"A1:Static Subcase", "Displacements", "Translational", "(NON-LAYERED)", "",  @
"Global", "", "", "" )
res_data_title( 0, "Nodal", "Vector", 1, [ @
"$POFF@@@$PT: @@@$LCN, @@@$SCN, @@@$PRN, @@@$SRN, @@@$DRVL"] )
res_display_deformation_create( "", "Elements", 0, [""], 9, [ @
"DeformedStyle:White,Solid,1,Wireframe", "DeformedScale:Model=0.1",  @
"UndeformedStyle:ON,Blue,Solid,1,Wireframe", "TitleDisplay:ON",  @
"MinMaxDisplay:ON", "ScaleFactor:1.", "LabelStyle:Exponential, 12, White, 3",  @
"DeformDisplay:Resultant", "DeformComps:OFF,OFF,OFF"] )
res_display_deformation_post( "", 0 )
res_display_tool_unpost( "Fringe", "default_Fringe" )
res_data_load_dbresult( 0, "Nodal", "Vector", "DEFAULT.SC1",  @
"A1:Static Subcase", "Displacements", "Translational", "(NON-LAYERED)", "",  @
"Global", "", "", "" )
res_data_title( 0, "Nodal", "Vector", 1, [ @
"$POFF@@@$PT: @@@$LCN, @@@$SCN, @@@$PRN, @@@$SRN, @@@$DRVL"] )
res_display_deformation_create( "", "Elements", 0, [""], 9, [ @
"DeformedStyle:White,Solid,1,Wireframe", "DeformedScale:Model=0.1",  @
"UndeformedStyle:ON,Blue,Solid,1,Wireframe", "TitleDisplay:ON",  @
"MinMaxDisplay:ON", "ScaleFactor:1.", "LabelStyle:Exponential, 12, White, 3",  @
"DeformDisplay:Resultant", "DeformComps:OFF,OFF,OFF"] )
res_display_deformation_post( "", 0 )
res_display_tool_unpost( "Deformation", "default_Deformation" )
res_data_load_dbresult( 0, "Nodal", "Scalar", "DEFAULT.SC1",  @
"A1:Static Subcase", "Stress Tensor", "", "Layer 1", "XX", "Default",  @
"DeriveAverage", "All", "ShapeFunc" )
res_data_title( 0, "Nodal", "Scalar", 1, [ @
"$POFF@@@$PT: @@@$LCN, @@@$SCN, @@@$PRN, @@@$SRN, @@@$DRVL, @@@$LN "] )
res_display_fringe_create( "", "FreeFaces", 0, [""], 12, [ @
"Range:Fri_default_Fringe", "RangeOverwrite:ON", "FringeStyle:Discrete/Smooth" @
, "Shade:None", "ElemEdge:FreeEdge,Blue,Solid,1", "Shrink:0",  @
"TitleDisplay:ON", "MinMaxDisplay:ON", "ValueDisplay:OFF", "Filter:None",  @
"ScaleFactor:1.", "LabelStyle:Exponential, 12, White, 3"], TRUE )
res_display_fringe_post( "", 0, "Nodal", TRUE, TRUE )
res_data_load_dbresult( 0, "Nodal", "Scalar", "DEFAULT.SC1",  @
"A1:Static Subcase", "Stress Tensor", "", "Layer 1", "XX", "Coord 0",  @
"DeriveAverage", "All", "ShapeFunc", "", 0. )
res_data_title( 0, "Nodal", "Scalar", 1, [ @
"$POFF@@@$PT: @@@$LCN, @@@$SCN, @@@$PRN, @@@$SRN, @@@$DRVL, @@@Sum,8 of 8 " // @
"layers"] )
res_data_dbres_list( 0, "Nodal", "Scalar", 7, ["DEFAULT.SC1", "DEFAULT.SC1",  @
"DEFAULT.SC1", "DEFAULT.SC1", "DEFAULT.SC1", "DEFAULT.SC1", "DEFAULT.SC1"], [ @
"A1:Static Subcase", "A1:Static Subcase", "A1:Static Subcase",  @
"A1:Static Subcase", "A1:Static Subcase", "A1:Static Subcase",  @
"A1:Static Subcase"], ["Stress Tensor", "Stress Tensor", "Stress Tensor",  @
"Stress Tensor", "Stress Tensor", "Stress Tensor", "Stress Tensor"], ["", "",  @
"", "", "", "", ""], ["Layer 2", "Layer 3", "Layer 4", "Layer 5", "Layer 6",  @
"Layer 7", "Layer 8"] )
res_data_list_sum( 0, "Nodal", "Scalar", 8, [1., 1., 1., 1., 1., 1., 1., 1.] )
res_display_fringe_create( "", "FreeFaces", 0, [""], 12, [ @
"Range:Fri_default_Fringe", "RangeOverwrite:ON", "FringeStyle:Discrete/Smooth" @
, "Shade:None", "ElemEdge:FreeEdge,Blue,Solid,1", "Shrink:0",  @
"TitleDisplay:ON", "MinMaxDisplay:ON", "ValueDisplay:OFF", "Filter:None",  @
"ScaleFactor:0.00012719999", "LabelStyle:Exponential, 12, White, 3"], TRUE )
res_display_fringe_post( "", 0, "Nodal", TRUE, TRUE )
ga_view_center_set( -0.084837, -0.006051 )
ga_view_zoom_set( 0.096762 )
ga_view_center_set( -0.137169, -0.009786 )
ga_view_zoom_set( 0.062427 )
ga_view_center_set( -0.166698, -0.011893 )
ga_view_zoom_set( 0.043053 )
ga_view_center_set( -0.182793, -0.013041 )
ga_view_zoom_set( 0.032493 )
ga_view_center_set( -0.204417, -0.014584 )
ga_view_zoom_set( 0.018306 )
ga_view_center_set( -0.206364, -0.014723 )
ga_view_zoom_set( 0.017029 )
ga_view_center_set( -0.208174, -0.014852 )
ga_view_zoom_set( 0.015841 )
$# Appending to existing journal file 
$# V:\Wei_Zhao\SPAD\JCS_code\NASTRAN_validation\plate_hole_4_stiffeners_bend\s
$# tiffened_plate_hole_bend.db.jou at 27-Dec-21 17:26:51
$# Synchronizing the User Data Manager
set_current_dir( "V:\Wei_Zhao\SPAD\JCS_code\NASTRAN_validation\plate_hole_" // @
"4_stiffeners_bend" )
$# The current working directory has been changed to the database location 
$# shown.                                                                     
$#                                                                            
$#                                   
uil_imaging_bw_reverse(  )
ui_repaint_tree( TRUE )
uil_imaging_bw_reverse(  )
ui_repaint_tree( TRUE )
ga_viewport_size_set( "default_viewport", 8.226378, 6.408495, 1 )
gu_fit_view(  )
ga_view_zoom_set( 0.180340 )
res_data_load_dbresult( 0, "Nodal", "Scalar", "DEFAULT.SC1",  @
"A1:Mode 1 : Factor = -12.174", "Eigenvectors", "Translational",  @
"(NON-LAYERED)", "MAG", "AsIs", "DeriveAverage", "All", "ShapeFunc", "", 0. )
res_data_title( 0, "Nodal", "Scalar", 1, [ @
"$POFF@@@$PT: @@@$LCN, @@@$SCN, @@@$PRN, @@@$SRN, @@@$DRVL, @@@$LN"] )
res_display_fringe_create( "", "FreeFaces", 0, [""], 13, [ @
"Range:Fri_default_Fringe", "RangeOverwrite:ON", "FringeStyle:Discrete/Smooth" @
, "Shade:None", "ElemEdge:FreeEdge,Blue,Solid,1", "Shrink:0",  @
"TitleDisplay:ON", "MinMaxDisplay:ON", "ValueDisplay:OFF", "Filter:None",  @
"ScaleFactor:1.", "LabelStyle:Exponential, 12, White, 3", "ImperfFlag:OFF"],  @
TRUE )
res_display_fringe_post( "", 0, "Nodal", FALSE, TRUE )
gu_fit_view(  )
res_data_load_dbresult( 0, "Nodal", "Scalar", "DEFAULT.SC1",  @
"A1:Mode 1 : Factor = -12.174", "Eigenvectors", "Translational",  @
"(NON-LAYERED)", "MAG", "AsIs", "DeriveAverage", "All", "ShapeFunc", "", 0. )
res_data_title( 0, "Nodal", "Scalar", 1, [ @
"$POFF@@@$PT: @@@$LCN, @@@$SCN, @@@$PRN, @@@$SRN, @@@$DRVL, @@@$LN"] )
res_display_fringe_create( "", "FreeFaces", 0, [""], 13, [ @
"Range:Fri_default_Fringe", "RangeOverwrite:ON", "FringeStyle:Discrete/Smooth" @
, "Shade:None", "ElemEdge:FreeEdge,Blue,Solid,1", "Shrink:0",  @
"TitleDisplay:OFF", "MinMaxDisplay:OFF", "ValueDisplay:OFF", "Filter:None",  @
"ScaleFactor:1.", "LabelStyle:Exponential, 12, White, 3", "ImperfFlag:OFF"],  @
TRUE )
res_display_fringe_post( "", 0, "Nodal", FALSE, TRUE )
$# Question in application Ranges by application Group Applications
$#     The range you are attempting to create with name, Fri_default_Fringe, 
$# already exists.  Do you wish to overwrite it?
$? YES 11009015 
sys_poll_option( 2 )
ga_db_range_set_label_style_m( 1, 7, 1, 14, 3, 2, "Fri_default_Fringe" )
ga_db_range_set_label_display_m( 1, 1, 0, 0, 0, 0, 2, "Fri_default_Fringe" )
ga_db_range_set_label_control_m( 0, "", "", "", 2, "Fri_default_Fringe" )
ga_db_range_set_no_subrange_m( 1, 0, "", 7, 2, "Fri_default_Fringe" )
ga_db_range_set_attributes_m( 1, 1, 0, 1, 2, "Fri_default_Fringe" )
ga_db_range_set_threshold_m( 1, 0, 0, 0., 0., 0, 0, "", "", 2,  @
"Fri_default_Fringe" )
ga_db_range_set_data_method_m( 1, 0, 2, 0, 0, [0.057780094, 0.], [0], [""],  @
15, 2, "Fri_default_Fringe" )
ga_db_range_set_subranges_flt_m( 15, [0.057780098, 0.0539281, 0.050076101,  @
0.046224099, 0.0423721, 0.038520101, 0.034668099, 0.030816101, 0.026963999,  @
0.023112001, 0.01926, 0.015408, 0.011556, 0.0077040098, 0.00385201], [ @
0.0539281, 0.050076101, 0.046224099, 0.0423721, 0.038520101, 0.034668099,  @
0.030816101, 0.026963999, 0.023112001, 0.01926, 0.015408, 0.011556,  @
0.0077040098, 0.00385201, 0.], [0.055854101, 0.052002098, 0.0481501,  @
0.044298101, 0.040446099, 0.0365941, 0.032742102, 0.028890001, 0.025038,  @
0.021186, 0.017333999, 0.013482, 0.0096300198, 0.00577801, 0.001926], 2,  @
"Fri_default_Fringe" )
ga_db_range_set_custom_labels_m( 0, [0], [0], [""], 2, "Fri_default_Fringe" )
sys_poll_option( 0 )
ga_viewport_location_set( "default_viewport", 0.000000, 0.734498, 1 )
ga_viewport_size_set( "default_viewport", 7.409249, 5.673997, 1 )
ga_viewport_location_set( "default_viewport", 0.165262, 0.302980, 1 )
ga_viewport_location_set( "default_viewport", 0.247893, 0.036725, 1 )
ga_view_center_set( -0.018288, 0.025908 )
ga_view_zoom_set( 0.151141 )
ga_view_center_set( -0.012242, 0.010794 )
ga_view_zoom_set( 0.147454 )
ga_view_center_set( -0.018141, 0.015218 )
ga_view_center_set( -0.012242, 0.015218 )
res_data_load_dbresult( 0, "Nodal", "Scalar", "DEFAULT.SC1",  @
"A1:Mode 3 : Factor = -13.533", "Eigenvectors", "Translational",  @
"(NON-LAYERED)", "MAG", "AsIs", "DeriveAverage", "All", "ShapeFunc", "", 0. )
res_data_title( 0, "Nodal", "Scalar", 1, [ @
"$POFF@@@$PT: @@@$LCN, @@@$SCN, @@@$PRN, @@@$SRN, @@@$DRVL, @@@$LN"] )
res_display_fringe_create( "", "FreeFaces", 0, [""], 13, [ @
"Range:Fri_default_Fringe", "RangeOverwrite:ON", "FringeStyle:Discrete/Smooth" @
, "Shade:None", "ElemEdge:FreeEdge,Blue,Solid,1", "Shrink:0",  @
"TitleDisplay:OFF", "MinMaxDisplay:OFF", "ValueDisplay:OFF", "Filter:None",  @
"ScaleFactor:1.", "LabelStyle:Exponential, 12, White, 3", "ImperfFlag:OFF"],  @
TRUE )
res_display_fringe_post( "", 0, "Nodal", FALSE, TRUE )
res_data_load_dbresult( 0, "Nodal", "Scalar", "DEFAULT.SC1",  @
"A1:Mode 5 : Factor = -14.954", "Eigenvectors", "Translational",  @
"(NON-LAYERED)", "MAG", "AsIs", "DeriveAverage", "All", "ShapeFunc", "", 0. )
res_data_title( 0, "Nodal", "Scalar", 1, [ @
"$POFF@@@$PT: @@@$LCN, @@@$SCN, @@@$PRN, @@@$SRN, @@@$DRVL, @@@$LN"] )
res_display_fringe_create( "", "FreeFaces", 0, [""], 13, [ @
"Range:Fri_default_Fringe", "RangeOverwrite:ON", "FringeStyle:Discrete/Smooth" @
, "Shade:None", "ElemEdge:FreeEdge,Blue,Solid,1", "Shrink:0",  @
"TitleDisplay:OFF", "MinMaxDisplay:OFF", "ValueDisplay:OFF", "Filter:None",  @
"ScaleFactor:1.", "LabelStyle:Exponential, 12, White, 3", "ImperfFlag:OFF"],  @
TRUE )
res_display_fringe_post( "", 0, "Nodal", FALSE, TRUE )
res_data_load_dbresult( 0, "Nodal", "Scalar", "DEFAULT.SC1",  @
"A1:Mode 7 : Factor = -15.866", "Eigenvectors", "Translational",  @
"(NON-LAYERED)", "MAG", "AsIs", "DeriveAverage", "All", "ShapeFunc", "", 0. )
res_data_title( 0, "Nodal", "Scalar", 1, [ @
"$POFF@@@$PT: @@@$LCN, @@@$SCN, @@@$PRN, @@@$SRN, @@@$DRVL, @@@$LN"] )
res_display_fringe_create( "", "FreeFaces", 0, [""], 13, [ @
"Range:Fri_default_Fringe", "RangeOverwrite:ON", "FringeStyle:Discrete/Smooth" @
, "Shade:None", "ElemEdge:FreeEdge,Blue,Solid,1", "Shrink:0",  @
"TitleDisplay:OFF", "MinMaxDisplay:OFF", "ValueDisplay:OFF", "Filter:None",  @
"ScaleFactor:1.", "LabelStyle:Exponential, 12, White, 3", "ImperfFlag:OFF"],  @
TRUE )
res_display_fringe_post( "", 0, "Nodal", FALSE, TRUE )
res_data_load_dbresult( 0, "Nodal", "Scalar", "DEFAULT.SC1",  @
"A1:Static Subcase", "Stress Tensor", "", "Layer 1", "XY", "AsIs",  @
"DeriveAverage", "All", "ShapeFunc", "", 0. )
res_data_title( 0, "Nodal", "Scalar", 1, [ @
"$POFF@@@$PT: @@@$LCN, @@@$SCN, @@@$PRN, @@@$SRN, @@@$DRVL, @@@$LN"] )
res_display_fringe_create( "", "FreeFaces", 0, [""], 13, [ @
"Range:Fri_default_Fringe", "RangeOverwrite:ON", "FringeStyle:Discrete/Smooth" @
, "Shade:None", "ElemEdge:FreeEdge,Blue,Solid,1", "Shrink:0",  @
"TitleDisplay:OFF", "MinMaxDisplay:OFF", "ValueDisplay:OFF", "Filter:None",  @
"ScaleFactor:1.", "LabelStyle:Exponential, 12, White, 3", "ImperfFlag:OFF"],  @
TRUE )
res_display_fringe_post( "", 0, "Nodal", FALSE, TRUE )
res_data_load_dbresult( 0, "Nodal", "Scalar", "DEFAULT.SC1",  @
"A1:Static Subcase", "Stress Tensor", "", "Layer 1", "XY", "Coord 0",  @
"DeriveAverage", "All", "ShapeFunc", "", 0. )
res_data_title( 0, "Nodal", "Scalar", 1, [ @
"$POFF@@@$PT: @@@$LCN, @@@$SCN, @@@$PRN, @@@$SRN, @@@$DRVL, @@@$LN"] )
res_display_fringe_create( "", "FreeFaces", 0, [""], 13, [ @
"Range:Fri_default_Fringe", "RangeOverwrite:ON", "FringeStyle:Discrete/Smooth" @
, "Shade:None", "ElemEdge:FreeEdge,Blue,Solid,1", "Shrink:0",  @
"TitleDisplay:OFF", "MinMaxDisplay:OFF", "ValueDisplay:OFF", "Filter:None",  @
"ScaleFactor:1.", "LabelStyle:Exponential, 12, White, 3", "ImperfFlag:OFF"],  @
TRUE )
res_display_fringe_post( "", 0, "Nodal", FALSE, TRUE )
res_data_load_dbresult( 0, "Nodal", "Scalar", "DEFAULT.SC1",  @
"A1:Static Subcase", "Stress Tensor", "", "Layer 1", "XY", "Coord 0",  @
"DeriveAverage", "All", "ShapeFunc", "", 0. )
res_data_title( 0, "Nodal", "Scalar", 1, [ @
"$POFF@@@$PT: @@@$LCN, @@@$SCN, @@@$PRN, @@@$SRN, @@@$DRVL, @@@$LN"] )
res_display_fringe_create( "", "FreeFaces", 0, [""], 13, [ @
"Range:Fri_default_Fringe", "RangeOverwrite:ON", "FringeStyle:Discrete/Smooth" @
, "Shade:None", "ElemEdge:FreeEdge,Blue,Solid,1", "Shrink:0",  @
"TitleDisplay:OFF", "MinMaxDisplay:OFF", "ValueDisplay:OFF", "Filter:None",  @
"ScaleFactor:0.00012719999", "LabelStyle:Exponential, 12, White, 3",  @
"ImperfFlag:OFF"], TRUE )
res_display_fringe_post( "", 0, "Nodal", FALSE, TRUE )
res_data_load_dbresult( 0, "Nodal", "Scalar", "DEFAULT.SC1",  @
"A1:Static Subcase", "Stress Tensor", "", "Layer 1", "XY", "Coord 0",  @
"DeriveAverage", "All", "ShapeFunc", "", 0. )
res_data_title( 0, "Nodal", "Scalar", 1, [ @
"$POFF@@@$PT: @@@$LCN, @@@$SCN, @@@$PRN, @@@$SRN, @@@$DRVL, @@@$LN"] )
res_display_fringe_create( "", "FreeFaces", 0, [""], 13, [ @
"Range:Fri_default_Fringe", "RangeOverwrite:ON", "FringeStyle:Discrete/Smooth" @
, "Shade:None", "ElemEdge:FreeEdge,Blue,Solid,1", "Shrink:0",  @
"TitleDisplay:OFF", "MinMaxDisplay:OFF", "ValueDisplay:OFF", "Filter:None",  @
"ScaleFactor:0.00012719999", "LabelStyle:Exponential, 12, White, 3",  @
"ImperfFlag:OFF"], TRUE )
res_display_fringe_post( "", 0, "Nodal", FALSE, TRUE )
res_data_load_dbresult( 0, "Nodal", "Scalar", "DEFAULT.SC1",  @
"A1:Static Subcase", "Stress Tensor", "", "Layer 1", "XY", "Coord 0",  @
"DeriveAverage", "All", "ShapeFunc", "", 0. )
res_data_title( 0, "Nodal", "Scalar", 1, [ @
"$POFF@@@$PT: @@@$LCN, @@@$SCN, @@@$PRN, @@@$SRN, @@@$DRVL, @@@Sum,8 of 8 " // @
"layers"] )
res_data_dbres_list( 0, "Nodal", "Scalar", 7, ["DEFAULT.SC1", "DEFAULT.SC1",  @
"DEFAULT.SC1", "DEFAULT.SC1", "DEFAULT.SC1", "DEFAULT.SC1", "DEFAULT.SC1"], [ @
"A1:Static Subcase", "A1:Static Subcase", "A1:Static Subcase",  @
"A1:Static Subcase", "A1:Static Subcase", "A1:Static Subcase",  @
"A1:Static Subcase"], ["Stress Tensor", "Stress Tensor", "Stress Tensor",  @
"Stress Tensor", "Stress Tensor", "Stress Tensor", "Stress Tensor"], ["", "",  @
"", "", "", "", ""], ["Layer 2", "Layer 3", "Layer 4", "Layer 5", "Layer 6",  @
"Layer 7", "Layer 8"] )
res_data_list_sum( 0, "Nodal", "Scalar", 8, [1., 1., 1., 1., 1., 1., 1., 1.] )
res_display_fringe_create( "", "FreeFaces", 0, [""], 13, [ @
"Range:Fri_default_Fringe", "RangeOverwrite:ON", "FringeStyle:Discrete/Smooth" @
, "Shade:None", "ElemEdge:FreeEdge,Blue,Solid,1", "Shrink:0",  @
"TitleDisplay:OFF", "MinMaxDisplay:OFF", "ValueDisplay:OFF", "Filter:None",  @
"ScaleFactor:0.00012719999", "LabelStyle:Exponential, 12, White, 3",  @
"ImperfFlag:OFF"], TRUE )
res_display_fringe_post( "", 0, "Nodal", FALSE, TRUE )
res_data_load_dbresult( 0, "Nodal", "Scalar", "DEFAULT.SC1",  @
"A1:Static Subcase", "Stress Tensor", "", "Layer 1", "XX", "Coord 0",  @
"DeriveAverage", "All", "ShapeFunc", "", 0. )
res_data_title( 0, "Nodal", "Scalar", 1, [ @
"$POFF@@@$PT: @@@$LCN, @@@$SCN, @@@$PRN, @@@$SRN, @@@$DRVL, @@@Sum,8 of 8 " // @
"layers"] )
res_data_dbres_list( 0, "Nodal", "Scalar", 7, ["DEFAULT.SC1", "DEFAULT.SC1",  @
"DEFAULT.SC1", "DEFAULT.SC1", "DEFAULT.SC1", "DEFAULT.SC1", "DEFAULT.SC1"], [ @
"A1:Static Subcase", "A1:Static Subcase", "A1:Static Subcase",  @
"A1:Static Subcase", "A1:Static Subcase", "A1:Static Subcase",  @
"A1:Static Subcase"], ["Stress Tensor", "Stress Tensor", "Stress Tensor",  @
"Stress Tensor", "Stress Tensor", "Stress Tensor", "Stress Tensor"], ["", "",  @
"", "", "", "", ""], ["Layer 2", "Layer 3", "Layer 4", "Layer 5", "Layer 6",  @
"Layer 7", "Layer 8"] )
res_data_list_sum( 0, "Nodal", "Scalar", 8, [1., 1., 1., 1., 1., 1., 1., 1.] )
res_display_fringe_create( "", "FreeFaces", 0, [""], 13, [ @
"Range:Fri_default_Fringe", "RangeOverwrite:ON", "FringeStyle:Discrete/Smooth" @
, "Shade:None", "ElemEdge:FreeEdge,Blue,Solid,1", "Shrink:0",  @
"TitleDisplay:OFF", "MinMaxDisplay:OFF", "ValueDisplay:OFF", "Filter:None",  @
"ScaleFactor:0.00012719999", "LabelStyle:Exponential, 12, White, 3",  @
"ImperfFlag:OFF"], TRUE )
res_display_fringe_post( "", 0, "Nodal", FALSE, TRUE )
res_data_load_dbresult( 0, "Nodal", "Scalar", "DEFAULT.SC1",  @
"A1:Static Subcase", "Stress Tensor", "", "Layer 1", "YY", "Coord 0",  @
"DeriveAverage", "All", "ShapeFunc", "", 0. )
res_data_title( 0, "Nodal", "Scalar", 1, [ @
"$POFF@@@$PT: @@@$LCN, @@@$SCN, @@@$PRN, @@@$SRN, @@@$DRVL, @@@Sum,8 of 8 " // @
"layers"] )
res_data_dbres_list( 0, "Nodal", "Scalar", 7, ["DEFAULT.SC1", "DEFAULT.SC1",  @
"DEFAULT.SC1", "DEFAULT.SC1", "DEFAULT.SC1", "DEFAULT.SC1", "DEFAULT.SC1"], [ @
"A1:Static Subcase", "A1:Static Subcase", "A1:Static Subcase",  @
"A1:Static Subcase", "A1:Static Subcase", "A1:Static Subcase",  @
"A1:Static Subcase"], ["Stress Tensor", "Stress Tensor", "Stress Tensor",  @
"Stress Tensor", "Stress Tensor", "Stress Tensor", "Stress Tensor"], ["", "",  @
"", "", "", "", ""], ["Layer 2", "Layer 3", "Layer 4", "Layer 5", "Layer 6",  @
"Layer 7", "Layer 8"] )
res_data_list_sum( 0, "Nodal", "Scalar", 8, [1., 1., 1., 1., 1., 1., 1., 1.] )
res_display_fringe_create( "", "FreeFaces", 0, [""], 13, [ @
"Range:Fri_default_Fringe", "RangeOverwrite:ON", "FringeStyle:Discrete/Smooth" @
, "Shade:None", "ElemEdge:FreeEdge,Blue,Solid,1", "Shrink:0",  @
"TitleDisplay:OFF", "MinMaxDisplay:OFF", "ValueDisplay:OFF", "Filter:None",  @
"ScaleFactor:0.00012719999", "LabelStyle:Exponential, 12, White, 3",  @
"ImperfFlag:OFF"], TRUE )
res_display_fringe_post( "", 0, "Nodal", FALSE, TRUE )
$# Flushing the User Data Manager
$# Journal file stopped recording at 27-Dec-21 17:51:24
